// Jest Snapshot v1, https://goo.gl/fbAQLP

exports[`CORE â€” Hello Component renders 1`] = `
<div>
  Jambo, jambo! Define your routes in 
  boot({ routes: &lt;here&gt; })
  .
</div>
`;
